Searching for: Eloquent JavaScript
Search complete, parsing the document...
✔ epub 3 Mb   | Eloquent JavaScript: A Modern ...             Marijn Haverbeke
Obtaining direct download link
Direct download link found
Initializing download
Downloading 100% |██████████████████████████████████████████████████████████████████████████████████████████████████████████████████████████████████████████████████████████████| (2.7/2.7 MB, 12.501 MB/s)
File successfully downloaded: eloquent-javascript-a-modern-introduction-to-programming.epub
