Searching for:  Eloquent JavaScript
https://libgen.is/search.php?req=Eloquent+JavaScript&res=25&view=simple&phrase=1&column=title
Search complete, parsing the document...
Use the arrow keys to navigate: ↓ ↑ → ←
? Select Title:
    pdf  1 Mb   | Eloquent JavaScript                           Marijn Haverbeke
  ▸ pdf  7 Mb   | Eloquent JavaScript: A Modern ...             Marijn Haverbeke
    epub 3 Mb   | Eloquent JavaScript: A Modern ...             Marijn Haverbeke
    pdf  2 Mb   | Eloquent JavaScript: A Modern ...             Marijn Haverbeke
    epub 4 Mb   | Eloquent JavaScript: A Modern ...             Marijn Haverbeke
