
Clibgen is a CLI application to search and download epubs, pdfs, from library genesis. 
Useful if you are lazy to open up a browser to download e-books/resources.

Usage:
  clibgen [command]

Available Commands:
  completion  Generate the autocompletion script for the specified shell
  help        Help about any command
  search      search for a book, paper or article

Flags:
  -h, --help     help for clibgen
  -t, --toggle   Help message for toggle

Use "clibgen [command] --help" for more information about a command.
